---
source: crates/tremula/tests/bundle_contents.rs
expression: "fs::read_to_string(written.path.join(\"START_HERE.md\")).unwrap()"
---
# Start here

This is the evidence one tremula run produced: the planted mutations the project's test suite did not kill, and what it takes to make one of them fail a test. In every command below, substitute `<BUNDLE>` (this directory), `<CHECKOUT>` (a checkout of the project) and `<mutant-id>` (the mutation you are working on).

Read in this order:

1. `report.json` — every `verdicts` entry whose `verdict` is `survived` is a mutation the suite did not kill. That is a candidate gap rather than a proven one, since a mutation that changes nothing cannot be killed by any test. Nothing here separates the two; `tremula triage` is what does.
2. `manifest.json` — the same `mutant_id` under `mutants` gives the file, the byte span, and the exact text the mutation replaces.
3. `patches/<mutant-id>.patch` — that change, ready for `git apply`. A `patch` of `null` in `bundle.json` means no file was written and `patch_error` says why; the diff itself is still in `results.json` under `entries[].diff`.
4. `logs/<mutant-id>.txt` — what the suite printed under that mutation, with this machine's paths taken out; `logs/baseline.txt` is the same for the unmutated run.

The run was made outside a version-controlled checkout, so `base.revision` is null and there is no revision to return to. Apply the patch to the project as the run measured it:

    git -C <CHECKOUT> apply <BUNDLE>/patches/<mutant-id>.patch

Write a test in `<CHECKOUT>` that fails while that patch is applied. Then take the patch back out — `git -C <CHECKOUT> apply -R <BUNDLE>/patches/<mutant-id>.patch` — keep the test, and run:

    tremula run --manifest <BUNDLE>/manifest.json --project <CHECKOUT>

That reports the mutation as killed. The project's own default test collection collected 4 tests before your test was added, so a checkout collecting far fewer is running something else. What this bundle cannot do is run that suite: it carries the evidence and not the project. Every path it names is relative to `<BUNDLE>`, and `bundle.json` holds the SHA-256 of every file in it but itself and `START_HERE.md`.
